{"function_name":"insertion_sort","input_size":1000,"duration_ms":14247}
{"function_name":"bubble_sort","input_size":1000,"duration_ms":10474}
{"function_name":"quick_sort","input_size":1000,"duration_ms":171}
{"function_name":"std_sort","input_size":1000,"duration_ms":127}
{"function_name":"insertion_sort","input_size":1000,"duration_ms":6168}
{"function_name":"bubble_sort","input_size":1000,"duration_ms":10188}
{"function_name":"quick_sort","input_size":1000,"duration_ms":170}
{"function_name":"std_sort","input_size":1000,"duration_ms":118}
{"function_name":"insertion_sort","input_size":1000,"duration_ms":6240}
{"function_name":"bubble_sort","input_size":1000,"duration_ms":10254}
{"function_name":"quick_sort","input_size":1000,"duration_ms":170}
{"function_name":"std_sort","input_size":1000,"duration_ms":119}
{"function_name":"insertion_sort","input_size":1000,"duration_ms":6216}
{"function_name":"bubble_sort","input_size":1000,"duration_ms":10170}
{"function_name":"quick_sort","input_size":1000,"duration_ms":177}
{"function_name":"std_sort","input_size":1000,"duration_ms":116}
{"function_name":"insertion_sort","input_size":1000,"duration_ms":6256}
{"function_name":"bubble_sort","input_size":1000,"duration_ms":10286}
{"function_name":"quick_sort","input_size":1000,"duration_ms":174}
{"function_name":"std_sort","input_size":1000,"duration_ms":117}
{"function_name":"insertion_sort","input_size":1000,"duration_ms":6279}
{"function_name":"bubble_sort","input_size":1000,"duration_ms":10223}
{"function_name":"quick_sort","input_size":1000,"duration_ms":176}
{"function_name":"std_sort","input_size":1000,"duration_ms":118}
{"function_name":"insertion_sort","input_size":1000,"duration_ms":6134}
{"function_name":"bubble_sort","input_size":1000,"duration_ms":10170}
{"function_name":"quick_sort","input_size":1000,"duration_ms":180}
{"function_name":"std_sort","input_size":1000,"duration_ms":116}
{"function_name":"insertion_sort","input_size":1000,"duration_ms":5901}
{"function_name":"bubble_sort","input_size":1000,"duration_ms":9971}
{"function_name":"quick_sort","input_size":1000,"duration_ms":178}
{"function_name":"std_sort","input_size":1000,"duration_ms":117}
{"function_name":"insertion_sort","input_size":1000,"duration_ms":5999}
{"function_name":"bubble_sort","input_size":1000,"duration_ms":10079}
{"function_name":"quick_sort","input_size":1000,"duration_ms":179}
{"function_name":"std_sort","input_size":1000,"duration_ms":116}
{"function_name":"insertion_sort","input_size":1000,"duration_ms":6272}
{"function_name":"bubble_sort","input_size":1000,"duration_ms":10195}
{"function_name":"quick_sort","input_size":1000,"duration_ms":183}
{"function_name":"std_sort","input_size":1000,"duration_ms":118}
{"function_name":"insertion_sort","input_size":1000,"duration_ms":6237}
{"function_name":"bubble_sort","input_size":1000,"duration_ms":10191}
{"function_name":"quick_sort","input_size":1000,"duration_ms":181}
{"function_name":"std_sort","input_size":1000,"duration_ms":115}
{"function_name":"insertion_sort","input_size":1000,"duration_ms":6281}
{"function_name":"bubble_sort","input_size":1000,"duration_ms":10193}
{"function_name":"quick_sort","input_size":1000,"duration_ms":173}
{"function_name":"std_sort","input_size":1000,"duration_ms":118}
{"function_name":"insertion_sort","input_size":1000,"duration_ms":6417}
{"function_name":"bubble_sort","input_size":1000,"duration_ms":10285}
{"function_name":"quick_sort","input_size":1000,"duration_ms":171}
{"function_name":"std_sort","input_size":1000,"duration_ms":116}
{"function_name":"insertion_sort","input_size":1000,"duration_ms":6039}
{"function_name":"bubble_sort","input_size":1000,"duration_ms":10057}
{"function_name":"quick_sort","input_size":1000,"duration_ms":183}
{"function_name":"std_sort","input_size":1000,"duration_ms":116}
{"function_name":"insertion_sort","input_size":1000,"duration_ms":6152}
{"function_name":"bubble_sort","input_size":1000,"duration_ms":10145}
{"function_name":"quick_sort","input_size":1000,"duration_ms":172}
{"function_name":"std_sort","input_size":1000,"duration_ms":116}
{"function_name":"insertion_sort","input_size":1000,"duration_ms":6286}
{"function_name":"bubble_sort","input_size":1000,"duration_ms":10241}
{"function_name":"quick_sort","input_size":1000,"duration_ms":175}
{"function_name":"std_sort","input_size":1000,"duration_ms":118}
{"function_name":"insertion_sort","input_size":1000,"duration_ms":6329}
{"function_name":"bubble_sort","input_size":1000,"duration_ms":10226}
{"function_name":"quick_sort","input_size":1000,"duration_ms":168}
{"function_name":"std_sort","input_size":1000,"duration_ms":120}
{"function_name":"insertion_sort","input_size":1000,"duration_ms":6078}
{"function_name":"bubble_sort","input_size":1000,"duration_ms":10172}
{"function_name":"quick_sort","input_size":1000,"duration_ms":181}
{"function_name":"std_sort","input_size":1000,"duration_ms":118}
{"function_name":"insertion_sort","input_size":1000,"duration_ms":6002}
{"function_name":"bubble_sort","input_size":1000,"duration_ms":10018}
{"function_name":"quick_sort","input_size":1000,"duration_ms":171}
{"function_name":"std_sort","input_size":1000,"duration_ms":124}
{"function_name":"insertion_sort","input_size":1000,"duration_ms":6195}
{"function_name":"bubble_sort","input_size":1000,"duration_ms":10148}
{"function_name":"quick_sort","input_size":1000,"duration_ms":177}
{"function_name":"std_sort","input_size":1000,"duration_ms":117}
{"function_name":"insertion_sort","input_size":2500,"duration_ms":38019}
{"function_name":"bubble_sort","input_size":2500,"duration_ms":63242}
{"function_name":"quick_sort","input_size":2500,"duration_ms":484}
{"function_name":"std_sort","input_size":2500,"duration_ms":336}
{"function_name":"insertion_sort","input_size":2500,"duration_ms":38505}
{"function_name":"bubble_sort","input_size":2500,"duration_ms":63265}
{"function_name":"quick_sort","input_size":2500,"duration_ms":508}
{"function_name":"std_sort","input_size":2500,"duration_ms":332}
{"function_name":"insertion_sort","input_size":2500,"duration_ms":38735}
{"function_name":"bubble_sort","input_size":2500,"duration_ms":64149}
{"function_name":"quick_sort","input_size":2500,"duration_ms":474}
{"function_name":"std_sort","input_size":2500,"duration_ms":330}
{"function_name":"insertion_sort","input_size":2500,"duration_ms":38661}
{"function_name":"bubble_sort","input_size":2500,"duration_ms":63849}
{"function_name":"quick_sort","input_size":2500,"duration_ms":490}
{"function_name":"std_sort","input_size":2500,"duration_ms":331}
{"function_name":"insertion_sort","input_size":2500,"duration_ms":37593}
{"function_name":"bubble_sort","input_size":2500,"duration_ms":62985}
{"function_name":"quick_sort","input_size":2500,"duration_ms":495}
{"function_name":"std_sort","input_size":2500,"duration_ms":337}
{"function_name":"insertion_sort","input_size":2500,"duration_ms":38170}
{"function_name":"bubble_sort","input_size":2500,"duration_ms":63379}
{"function_name":"quick_sort","input_size":2500,"duration_ms":501}
{"function_name":"std_sort","input_size":2500,"duration_ms":324}
{"function_name":"insertion_sort","input_size":2500,"duration_ms":37590}
{"function_name":"bubble_sort","input_size":2500,"duration_ms":62895}
{"function_name":"quick_sort","input_size":2500,"duration_ms":476}
{"function_name":"std_sort","input_size":2500,"duration_ms":337}
{"function_name":"insertion_sort","input_size":2500,"duration_ms":37615}
{"function_name":"bubble_sort","input_size":2500,"duration_ms":62918}
{"function_name":"quick_sort","input_size":2500,"duration_ms":491}
{"function_name":"std_sort","input_size":2500,"duration_ms":330}
{"function_name":"insertion_sort","input_size":2500,"duration_ms":37280}
{"function_name":"bubble_sort","input_size":2500,"duration_ms":62650}
{"function_name":"quick_sort","input_size":2500,"duration_ms":499}
{"function_name":"std_sort","input_size":2500,"duration_ms":328}
{"function_name":"insertion_sort","input_size":2500,"duration_ms":38391}
{"function_name":"bubble_sort","input_size":2500,"duration_ms":63720}
{"function_name":"quick_sort","input_size":2500,"duration_ms":488}
{"function_name":"std_sort","input_size":2500,"duration_ms":331}
{"function_name":"insertion_sort","input_size":2500,"duration_ms":38319}
{"function_name":"bubble_sort","input_size":2500,"duration_ms":63053}
{"function_name":"quick_sort","input_size":2500,"duration_ms":491}
{"function_name":"std_sort","input_size":2500,"duration_ms":336}
{"function_name":"insertion_sort","input_size":2500,"duration_ms":37018}
{"function_name":"bubble_sort","input_size":2500,"duration_ms":62423}
{"function_name":"quick_sort","input_size":2500,"duration_ms":512}
{"function_name":"std_sort","input_size":2500,"duration_ms":330}
{"function_name":"insertion_sort","input_size":2500,"duration_ms":38412}
{"function_name":"bubble_sort","input_size":2500,"duration_ms":63464}
{"function_name":"quick_sort","input_size":2500,"duration_ms":493}
{"function_name":"std_sort","input_size":2500,"duration_ms":331}
{"function_name":"insertion_sort","input_size":2500,"duration_ms":37795}
{"function_name":"bubble_sort","input_size":2500,"duration_ms":65049}
{"function_name":"quick_sort","input_size":2500,"duration_ms":497}
{"function_name":"std_sort","input_size":2500,"duration_ms":336}
{"function_name":"insertion_sort","input_size":2500,"duration_ms":38870}
{"function_name":"bubble_sort","input_size":2500,"duration_ms":63374}
{"function_name":"quick_sort","input_size":2500,"duration_ms":479}
{"function_name":"std_sort","input_size":2500,"duration_ms":332}
{"function_name":"insertion_sort","input_size":2500,"duration_ms":37974}
{"function_name":"bubble_sort","input_size":2500,"duration_ms":63116}
{"function_name":"quick_sort","input_size":2500,"duration_ms":497}
{"function_name":"std_sort","input_size":2500,"duration_ms":338}
{"function_name":"insertion_sort","input_size":2500,"duration_ms":38347}
{"function_name":"bubble_sort","input_size":2500,"duration_ms":63370}
{"function_name":"quick_sort","input_size":2500,"duration_ms":488}
{"function_name":"std_sort","input_size":2500,"duration_ms":332}
{"function_name":"insertion_sort","input_size":2500,"duration_ms":38016}
{"function_name":"bubble_sort","input_size":2500,"duration_ms":63128}
{"function_name":"quick_sort","input_size":2500,"duration_ms":490}
{"function_name":"std_sort","input_size":2500,"duration_ms":337}
{"function_name":"insertion_sort","input_size":2500,"duration_ms":38943}
{"function_name":"bubble_sort","input_size":2500,"duration_ms":63695}
{"function_name":"quick_sort","input_size":2500,"duration_ms":490}
{"function_name":"std_sort","input_size":2500,"duration_ms":331}
{"function_name":"insertion_sort","input_size":2500,"duration_ms":36947}
{"function_name":"bubble_sort","input_size":2500,"duration_ms":62603}
{"function_name":"quick_sort","input_size":2500,"duration_ms":492}
{"function_name":"std_sort","input_size":2500,"duration_ms":340}
{"function_name":"insertion_sort","input_size":5000,"duration_ms":155901}
{"function_name":"bubble_sort","input_size":5000,"duration_ms":257225}
{"function_name":"quick_sort","input_size":5000,"duration_ms":1041}
{"function_name":"std_sort","input_size":5000,"duration_ms":723}
{"function_name":"insertion_sort","input_size":5000,"duration_ms":154077}
{"function_name":"bubble_sort","input_size":5000,"duration_ms":254137}
{"function_name":"quick_sort","input_size":5000,"duration_ms":1062}
{"function_name":"std_sort","input_size":5000,"duration_ms":715}
{"function_name":"insertion_sort","input_size":5000,"duration_ms":153520}
{"function_name":"bubble_sort","input_size":5000,"duration_ms":252242}
{"function_name":"quick_sort","input_size":5000,"duration_ms":1067}
{"function_name":"std_sort","input_size":5000,"duration_ms":725}
{"function_name":"insertion_sort","input_size":5000,"duration_ms":153265}
{"function_name":"bubble_sort","input_size":5000,"duration_ms":253107}
{"function_name":"quick_sort","input_size":5000,"duration_ms":1078}
{"function_name":"std_sort","input_size":5000,"duration_ms":725}
{"function_name":"insertion_sort","input_size":5000,"duration_ms":154962}
{"function_name":"bubble_sort","input_size":5000,"duration_ms":252720}
{"function_name":"quick_sort","input_size":5000,"duration_ms":1076}
{"function_name":"std_sort","input_size":5000,"duration_ms":721}
{"function_name":"insertion_sort","input_size":5000,"duration_ms":157895}
{"function_name":"bubble_sort","input_size":5000,"duration_ms":257697}
{"function_name":"quick_sort","input_size":5000,"duration_ms":1080}
{"function_name":"std_sort","input_size":5000,"duration_ms":714}
{"function_name":"insertion_sort","input_size":5000,"duration_ms":155142}
{"function_name":"bubble_sort","input_size":5000,"duration_ms":256513}
{"function_name":"quick_sort","input_size":5000,"duration_ms":1065}
{"function_name":"std_sort","input_size":5000,"duration_ms":783}
{"function_name":"insertion_sort","input_size":5000,"duration_ms":155079}
{"function_name":"bubble_sort","input_size":5000,"duration_ms":253460}
{"function_name":"quick_sort","input_size":5000,"duration_ms":1064}
{"function_name":"std_sort","input_size":5000,"duration_ms":724}
{"function_name":"insertion_sort","input_size":5000,"duration_ms":152929}
{"function_name":"bubble_sort","input_size":5000,"duration_ms":253509}
{"function_name":"quick_sort","input_size":5000,"duration_ms":1049}
{"function_name":"std_sort","input_size":5000,"duration_ms":723}
{"function_name":"insertion_sort","input_size":5000,"duration_ms":154713}
{"function_name":"bubble_sort","input_size":5000,"duration_ms":257336}
{"function_name":"quick_sort","input_size":5000,"duration_ms":1060}
{"function_name":"std_sort","input_size":5000,"duration_ms":725}
{"function_name":"insertion_sort","input_size":5000,"duration_ms":151774}
{"function_name":"bubble_sort","input_size":5000,"duration_ms":251719}
{"function_name":"quick_sort","input_size":5000,"duration_ms":1071}
{"function_name":"std_sort","input_size":5000,"duration_ms":716}
{"function_name":"insertion_sort","input_size":5000,"duration_ms":153048}
{"function_name":"bubble_sort","input_size":5000,"duration_ms":251512}
{"function_name":"quick_sort","input_size":5000,"duration_ms":1051}
{"function_name":"std_sort","input_size":5000,"duration_ms":723}
{"function_name":"insertion_sort","input_size":5000,"duration_ms":151892}
{"function_name":"bubble_sort","input_size":5000,"duration_ms":251653}
{"function_name":"quick_sort","input_size":5000,"duration_ms":1069}
{"function_name":"std_sort","input_size":5000,"duration_ms":727}
{"function_name":"insertion_sort","input_size":5000,"duration_ms":155313}
{"function_name":"bubble_sort","input_size":5000,"duration_ms":253024}
{"function_name":"quick_sort","input_size":5000,"duration_ms":1028}
{"function_name":"std_sort","input_size":5000,"duration_ms":714}
{"function_name":"insertion_sort","input_size":5000,"duration_ms":156338}
{"function_name":"bubble_sort","input_size":5000,"duration_ms":259699}
{"function_name":"quick_sort","input_size":5000,"duration_ms":1065}
{"function_name":"std_sort","input_size":5000,"duration_ms":723}
{"function_name":"insertion_sort","input_size":5000,"duration_ms":158010}
{"function_name":"bubble_sort","input_size":5000,"duration_ms":257601}
{"function_name":"quick_sort","input_size":5000,"duration_ms":1066}
{"function_name":"std_sort","input_size":5000,"duration_ms":723}
{"function_name":"insertion_sort","input_size":5000,"duration_ms":156611}
{"function_name":"bubble_sort","input_size":5000,"duration_ms":254957}
{"function_name":"quick_sort","input_size":5000,"duration_ms":1061}
{"function_name":"std_sort","input_size":5000,"duration_ms":727}
{"function_name":"insertion_sort","input_size":5000,"duration_ms":153789}
{"function_name":"bubble_sort","input_size":5000,"duration_ms":253294}
{"function_name":"quick_sort","input_size":5000,"duration_ms":1067}
{"function_name":"std_sort","input_size":5000,"duration_ms":730}
{"function_name":"insertion_sort","input_size":5000,"duration_ms":155628}
{"function_name":"bubble_sort","input_size":5000,"duration_ms":253711}
{"function_name":"quick_sort","input_size":5000,"duration_ms":1052}
{"function_name":"std_sort","input_size":5000,"duration_ms":723}
{"function_name":"insertion_sort","input_size":5000,"duration_ms":154814}
{"function_name":"bubble_sort","input_size":5000,"duration_ms":256197}
{"function_name":"quick_sort","input_size":5000,"duration_ms":1126}
{"function_name":"std_sort","input_size":5000,"duration_ms":729}
{"function_name":"insertion_sort","input_size":10000,"duration_ms":612344}
{"function_name":"bubble_sort","input_size":10000,"duration_ms":1.03132e+06}
{"function_name":"quick_sort","input_size":10000,"duration_ms":2573}
{"function_name":"std_sort","input_size":10000,"duration_ms":1721}
{"function_name":"insertion_sort","input_size":10000,"duration_ms":623032}
{"function_name":"bubble_sort","input_size":10000,"duration_ms":1.0584e+06}
{"function_name":"quick_sort","input_size":10000,"duration_ms":2292}
{"function_name":"std_sort","input_size":10000,"duration_ms":1546}
{"function_name":"insertion_sort","input_size":10000,"duration_ms":628159}
{"function_name":"bubble_sort","input_size":10000,"duration_ms":1.0824e+06}
{"function_name":"quick_sort","input_size":10000,"duration_ms":2317}
{"function_name":"std_sort","input_size":10000,"duration_ms":1549}
{"function_name":"insertion_sort","input_size":10000,"duration_ms":617258}
{"function_name":"bubble_sort","input_size":10000,"duration_ms":1.03166e+06}
{"function_name":"quick_sort","input_size":10000,"duration_ms":2413}
{"function_name":"std_sort","input_size":10000,"duration_ms":1609}
{"function_name":"insertion_sort","input_size":10000,"duration_ms":638675}
{"function_name":"bubble_sort","input_size":10000,"duration_ms":1.03826e+06}
{"function_name":"quick_sort","input_size":10000,"duration_ms":2314}
{"function_name":"std_sort","input_size":10000,"duration_ms":1544}
{"function_name":"insertion_sort","input_size":10000,"duration_ms":633222}
{"function_name":"insertion_sort","input_size":1000,"duration_ms":8801}
{"function_name":"bubble_sort","input_size":1000,"duration_ms":10807}
{"function_name":"quick_sort","input_size":1000,"duration_ms":226}
{"function_name":"std_sort","input_size":1000,"duration_ms":156}
{"function_name":"insertion_sort","input_size":1000,"duration_ms":6258}
{"function_name":"bubble_sort","input_size":1000,"duration_ms":10491}
{"function_name":"quick_sort","input_size":1000,"duration_ms":172}
{"function_name":"std_sort","input_size":1000,"duration_ms":119}
{"function_name":"insertion_sort","input_size":1000,"duration_ms":6492}
{"function_name":"bubble_sort","input_size":1000,"duration_ms":10326}
{"function_name":"quick_sort","input_size":1000,"duration_ms":171}
{"function_name":"std_sort","input_size":1000,"duration_ms":119}
{"function_name":"insertion_sort","input_size":1000,"duration_ms":6308}
{"function_name":"bubble_sort","input_size":1000,"duration_ms":10256}
{"function_name":"quick_sort","input_size":1000,"duration_ms":173}
{"function_name":"std_sort","input_size":1000,"duration_ms":118}
{"function_name":"insertion_sort","input_size":1000,"duration_ms":6557}
{"function_name":"bubble_sort","input_size":1000,"duration_ms":10806}
{"function_name":"quick_sort","input_size":1000,"duration_ms":175}
{"function_name":"std_sort","input_size":1000,"duration_ms":116}
{"function_name":"insertion_sort","input_size":1000,"duration_ms":6544}
{"function_name":"bubble_sort","input_size":1000,"duration_ms":10449}
{"function_name":"quick_sort","input_size":1000,"duration_ms":173}
{"function_name":"std_sort","input_size":1000,"duration_ms":118}
{"function_name":"insertion_sort","input_size":1000,"duration_ms":6508}
{"function_name":"bubble_sort","input_size":1000,"duration_ms":10323}
{"function_name":"quick_sort","input_size":1000,"duration_ms":190}
{"function_name":"std_sort","input_size":1000,"duration_ms":119}
{"function_name":"insertion_sort","input_size":1000,"duration_ms":6407}
{"function_name":"bubble_sort","input_size":1000,"duration_ms":10273}
{"function_name":"quick_sort","input_size":1000,"duration_ms":173}
{"function_name":"std_sort","input_size":1000,"duration_ms":118}
{"function_name":"insertion_sort","input_size":1000,"duration_ms":6468}
{"function_name":"bubble_sort","input_size":1000,"duration_ms":10328}
{"function_name":"quick_sort","input_size":1000,"duration_ms":173}
{"function_name":"std_sort","input_size":1000,"duration_ms":119}
{"function_name":"insertion_sort","input_size":1000,"duration_ms":6544}
{"function_name":"bubble_sort","input_size":1000,"duration_ms":10448}
{"function_name":"quick_sort","input_size":1000,"duration_ms":206}
{"function_name":"std_sort","input_size":1000,"duration_ms":149}
{"function_name":"insertion_sort","input_size":1000,"duration_ms":5992}
{"function_name":"bubble_sort","input_size":1000,"duration_ms":10174}
{"function_name":"quick_sort","input_size":1000,"duration_ms":204}
{"function_name":"std_sort","input_size":1000,"duration_ms":139}
{"function_name":"insertion_sort","input_size":1000,"duration_ms":6085}
{"function_name":"bubble_sort","input_size":1000,"duration_ms":10270}
{"function_name":"quick_sort","input_size":1000,"duration_ms":208}
{"function_name":"std_sort","input_size":1000,"duration_ms":139}
{"function_name":"insertion_sort","input_size":1000,"duration_ms":6154}
{"function_name":"bubble_sort","input_size":1000,"duration_ms":10381}
{"function_name":"quick_sort","input_size":1000,"duration_ms":213}
{"function_name":"std_sort","input_size":1000,"duration_ms":138}
{"function_name":"insertion_sort","input_size":1000,"duration_ms":6323}
{"function_name":"bubble_sort","input_size":1000,"duration_ms":10560}
{"function_name":"quick_sort","input_size":1000,"duration_ms":176}
{"function_name":"std_sort","input_size":1000,"duration_ms":127}
{"function_name":"insertion_sort","input_size":1000,"duration_ms":6013}
{"function_name":"bubble_sort","input_size":1000,"duration_ms":10433}
{"function_name":"quick_sort","input_size":1000,"duration_ms":172}
{"function_name":"std_sort","input_size":1000,"duration_ms":118}
{"function_name":"insertion_sort","input_size":1000,"duration_ms":6185}
{"function_name":"bubble_sort","input_size":1000,"duration_ms":10521}
{"function_name":"quick_sort","input_size":1000,"duration_ms":177}
{"function_name":"std_sort","input_size":1000,"duration_ms":128}
{"function_name":"insertion_sort","input_size":1000,"duration_ms":6002}
{"function_name":"bubble_sort","input_size":1000,"duration_ms":10358}
{"function_name":"quick_sort","input_size":1000,"duration_ms":172}
{"function_name":"std_sort","input_size":1000,"duration_ms":116}
{"function_name":"insertion_sort","input_size":1000,"duration_ms":6194}
{"function_name":"bubble_sort","input_size":1000,"duration_ms":10500}
{"function_name":"quick_sort","input_size":1000,"duration_ms":173}
{"function_name":"std_sort","input_size":1000,"duration_ms":118}
{"function_name":"insertion_sort","input_size":1000,"duration_ms":6039}
{"function_name":"bubble_sort","input_size":1000,"duration_ms":10404}
{"function_name":"quick_sort","input_size":1000,"duration_ms":178}
{"function_name":"std_sort","input_size":1000,"duration_ms":122}
{"function_name":"insertion_sort","input_size":1000,"duration_ms":6250}
{"function_name":"bubble_sort","input_size":1000,"duration_ms":10552}
{"function_name":"quick_sort","input_size":1000,"duration_ms":185}
{"function_name":"std_sort","input_size":1000,"duration_ms":128}
{"function_name":"insertion_sort","input_size":2500,"duration_ms":38353}
{"function_name":"bubble_sort","input_size":2500,"duration_ms":64289}
{"function_name":"quick_sort","input_size":2500,"duration_ms":496}
{"function_name":"std_sort","input_size":2500,"duration_ms":338}
{"function_name":"insertion_sort","input_size":2500,"duration_ms":38661}
{"function_name":"bubble_sort","input_size":2500,"duration_ms":64556}
{"function_name":"quick_sort","input_size":2500,"duration_ms":496}
{"function_name":"std_sort","input_size":2500,"duration_ms":343}
{"function_name":"insertion_sort","input_size":2500,"duration_ms":39007}
{"function_name":"bubble_sort","input_size":2500,"duration_ms":64490}
{"function_name":"quick_sort","input_size":2500,"duration_ms":491}
{"function_name":"std_sort","input_size":2500,"duration_ms":330}
{"function_name":"insertion_sort","input_size":2500,"duration_ms":38295}
{"function_name":"bubble_sort","input_size":2500,"duration_ms":64873}
{"function_name":"quick_sort","input_size":2500,"duration_ms":488}
{"function_name":"std_sort","input_size":2500,"duration_ms":345}
{"function_name":"insertion_sort","input_size":2500,"duration_ms":38621}
{"function_name":"bubble_sort","input_size":2500,"duration_ms":63764}
{"function_name":"quick_sort","input_size":2500,"duration_ms":489}
{"function_name":"std_sort","input_size":2500,"duration_ms":333}
{"function_name":"insertion_sort","input_size":2500,"duration_ms":38060}
{"function_name":"bubble_sort","input_size":2500,"duration_ms":63336}
{"function_name":"quick_sort","input_size":2500,"duration_ms":484}
{"function_name":"std_sort","input_size":2500,"duration_ms":331}
{"function_name":"insertion_sort","input_size":2500,"duration_ms":38453}
{"function_name":"bubble_sort","input_size":2500,"duration_ms":63773}
{"function_name":"quick_sort","input_size":2500,"duration_ms":481}
{"function_name":"std_sort","input_size":2500,"duration_ms":346}
{"function_name":"insertion_sort","input_size":2500,"duration_ms":38700}
{"function_name":"bubble_sort","input_size":2500,"duration_ms":63924}
{"function_name":"quick_sort","input_size":2500,"duration_ms":483}
{"function_name":"std_sort","input_size":2500,"duration_ms":329}
{"function_name":"insertion_sort","input_size":2500,"duration_ms":38475}
{"function_name":"bubble_sort","input_size":2500,"duration_ms":63252}
{"function_name":"quick_sort","input_size":2500,"duration_ms":502}
{"function_name":"std_sort","input_size":2500,"duration_ms":332}
{"function_name":"insertion_sort","input_size":2500,"duration_ms":38317}
{"function_name":"bubble_sort","input_size":2500,"duration_ms":63694}
{"function_name":"quick_sort","input_size":2500,"duration_ms":484}
{"function_name":"std_sort","input_size":2500,"duration_ms":334}
{"function_name":"insertion_sort","input_size":2500,"duration_ms":38195}
{"function_name":"bubble_sort","input_size":2500,"duration_ms":63634}
{"function_name":"quick_sort","input_size":2500,"duration_ms":500}
{"function_name":"std_sort","input_size":2500,"duration_ms":325}
{"function_name":"insertion_sort","input_size":2500,"duration_ms":37813}
{"function_name":"bubble_sort","input_size":2500,"duration_ms":66286}
{"function_name":"quick_sort","input_size":2500,"duration_ms":490}
{"function_name":"std_sort","input_size":2500,"duration_ms":327}
{"function_name":"insertion_sort","input_size":2500,"duration_ms":39944}
{"function_name":"bubble_sort","input_size":2500,"duration_ms":63531}
{"function_name":"quick_sort","input_size":2500,"duration_ms":487}
{"function_name":"std_sort","input_size":2500,"duration_ms":338}
{"function_name":"insertion_sort","input_size":2500,"duration_ms":38717}
{"function_name":"bubble_sort","input_size":2500,"duration_ms":63830}
{"function_name":"quick_sort","input_size":2500,"duration_ms":475}
{"function_name":"std_sort","input_size":2500,"duration_ms":330}
{"function_name":"insertion_sort","input_size":2500,"duration_ms":38540}
{"function_name":"bubble_sort","input_size":2500,"duration_ms":64015}
{"function_name":"quick_sort","input_size":2500,"duration_ms":502}
{"function_name":"std_sort","input_size":2500,"duration_ms":331}
{"function_name":"insertion_sort","input_size":2500,"duration_ms":38595}
{"function_name":"bubble_sort","input_size":2500,"duration_ms":63436}
{"function_name":"quick_sort","input_size":2500,"duration_ms":504}
{"function_name":"std_sort","input_size":2500,"duration_ms":334}
{"function_name":"insertion_sort","input_size":2500,"duration_ms":38163}
{"function_name":"bubble_sort","input_size":2500,"duration_ms":64253}
{"function_name":"quick_sort","input_size":2500,"duration_ms":475}
{"function_name":"std_sort","input_size":2500,"duration_ms":351}
{"function_name":"insertion_sort","input_size":2500,"duration_ms":39305}
{"function_name":"bubble_sort","input_size":2500,"duration_ms":64110}
{"function_name":"quick_sort","input_size":2500,"duration_ms":496}
{"function_name":"std_sort","input_size":2500,"duration_ms":330}
{"function_name":"insertion_sort","input_size":2500,"duration_ms":38000}
{"function_name":"bubble_sort","input_size":2500,"duration_ms":63443}
{"function_name":"quick_sort","input_size":2500,"duration_ms":484}
{"function_name":"std_sort","input_size":2500,"duration_ms":333}
{"function_name":"insertion_sort","input_size":2500,"duration_ms":38320}
{"function_name":"bubble_sort","input_size":2500,"duration_ms":64199}
{"function_name":"quick_sort","input_size":2500,"duration_ms":528}
{"function_name":"std_sort","input_size":2500,"duration_ms":334}
{"function_name":"insertion_sort","input_size":5000,"duration_ms":153857}
{"function_name":"bubble_sort","input_size":5000,"duration_ms":254362}
{"function_name":"quick_sort","input_size":5000,"duration_ms":1081}
{"function_name":"std_sort","input_size":5000,"duration_ms":712}
{"function_name":"insertion_sort","input_size":5000,"duration_ms":156374}
{"function_name":"bubble_sort","input_size":5000,"duration_ms":256447}
{"function_name":"quick_sort","input_size":5000,"duration_ms":1065}
{"function_name":"std_sort","input_size":5000,"duration_ms":717}
{"function_name":"insertion_sort","input_size":5000,"duration_ms":155518}
{"function_name":"bubble_sort","input_size":5000,"duration_ms":255718}
{"function_name":"quick_sort","input_size":5000,"duration_ms":1054}
{"function_name":"std_sort","input_size":5000,"duration_ms":731}
{"function_name":"insertion_sort","input_size":5000,"duration_ms":151379}
{"function_name":"bubble_sort","input_size":5000,"duration_ms":254051}
{"function_name":"quick_sort","input_size":5000,"duration_ms":1049}
{"function_name":"std_sort","input_size":5000,"duration_ms":729}
{"function_name":"insertion_sort","input_size":5000,"duration_ms":153134}
{"function_name":"bubble_sort","input_size":5000,"duration_ms":253966}
{"function_name":"quick_sort","input_size":5000,"duration_ms":1058}
{"function_name":"std_sort","input_size":5000,"duration_ms":717}
{"function_name":"insertion_sort","input_size":5000,"duration_ms":158841}
{"function_name":"bubble_sort","input_size":5000,"duration_ms":259169}
{"function_name":"quick_sort","input_size":5000,"duration_ms":1106}
{"function_name":"std_sort","input_size":5000,"duration_ms":733}
{"function_name":"insertion_sort","input_size":5000,"duration_ms":156390}
{"function_name":"bubble_sort","input_size":5000,"duration_ms":258189}
{"function_name":"quick_sort","input_size":5000,"duration_ms":1066}
{"function_name":"std_sort","input_size":5000,"duration_ms":736}
{"function_name":"insertion_sort","input_size":5000,"duration_ms":155404}
{"function_name":"bubble_sort","input_size":5000,"duration_ms":256494}
{"function_name":"quick_sort","input_size":5000,"duration_ms":1040}
{"function_name":"std_sort","input_size":5000,"duration_ms":722}
{"function_name":"insertion_sort","input_size":5000,"duration_ms":154482}
{"function_name":"bubble_sort","input_size":5000,"duration_ms":254833}
{"function_name":"quick_sort","input_size":5000,"duration_ms":1063}
{"function_name":"std_sort","input_size":5000,"duration_ms":732}
{"function_name":"insertion_sort","input_size":5000,"duration_ms":153036}
{"function_name":"bubble_sort","input_size":5000,"duration_ms":254627}
{"function_name":"quick_sort","input_size":5000,"duration_ms":1066}
{"function_name":"std_sort","input_size":5000,"duration_ms":744}
{"function_name":"insertion_sort","input_size":5000,"duration_ms":152922}
{"function_name":"bubble_sort","input_size":5000,"duration_ms":254194}
{"function_name":"quick_sort","input_size":5000,"duration_ms":1073}
{"function_name":"std_sort","input_size":5000,"duration_ms":722}
{"function_name":"insertion_sort","input_size":5000,"duration_ms":153021}
{"function_name":"bubble_sort","input_size":5000,"duration_ms":255598}
{"function_name":"quick_sort","input_size":5000,"duration_ms":1060}
{"function_name":"std_sort","input_size":5000,"duration_ms":723}
{"function_name":"insertion_sort","input_size":5000,"duration_ms":152550}
{"function_name":"bubble_sort","input_size":5000,"duration_ms":255984}
{"function_name":"quick_sort","input_size":5000,"duration_ms":1065}
{"function_name":"std_sort","input_size":5000,"duration_ms":746}
{"function_name":"insertion_sort","input_size":5000,"duration_ms":154583}
{"function_name":"bubble_sort","input_size":5000,"duration_ms":254213}
{"function_name":"quick_sort","input_size":5000,"duration_ms":1088}
{"function_name":"std_sort","input_size":5000,"duration_ms":724}
{"function_name":"insertion_sort","input_size":5000,"duration_ms":153673}
{"function_name":"bubble_sort","input_size":5000,"duration_ms":254887}
{"function_name":"quick_sort","input_size":5000,"duration_ms":1058}
{"function_name":"std_sort","input_size":5000,"duration_ms":726}
{"function_name":"insertion_sort","input_size":5000,"duration_ms":153357}
{"function_name":"bubble_sort","input_size":5000,"duration_ms":254190}
{"function_name":"quick_sort","input_size":5000,"duration_ms":1059}
{"function_name":"std_sort","input_size":5000,"duration_ms":778}
{"function_name":"insertion_sort","input_size":5000,"duration_ms":155170}
{"function_name":"bubble_sort","input_size":5000,"duration_ms":255750}
{"function_name":"quick_sort","input_size":5000,"duration_ms":1064}
{"function_name":"std_sort","input_size":5000,"duration_ms":720}
{"function_name":"insertion_sort","input_size":5000,"duration_ms":153909}
{"function_name":"bubble_sort","input_size":5000,"duration_ms":254448}
{"function_name":"quick_sort","input_size":5000,"duration_ms":1051}
{"function_name":"std_sort","input_size":5000,"duration_ms":729}
{"function_name":"insertion_sort","input_size":5000,"duration_ms":154298}
{"function_name":"bubble_sort","input_size":5000,"duration_ms":255414}
{"function_name":"quick_sort","input_size":5000,"duration_ms":1073}
{"function_name":"std_sort","input_size":5000,"duration_ms":732}
{"function_name":"insertion_sort","input_size":5000,"duration_ms":153306}
{"function_name":"bubble_sort","input_size":5000,"duration_ms":254474}
{"function_name":"quick_sort","input_size":5000,"duration_ms":1057}
{"function_name":"std_sort","input_size":5000,"duration_ms":725}
{"function_name":"insertion_sort","input_size":10000,"duration_ms":612834}
{"function_name":"bubble_sort","input_size":10000,"duration_ms":1.02085e+06}
{"function_name":"quick_sort","input_size":10000,"duration_ms":2298}
{"function_name":"std_sort","input_size":10000,"duration_ms":1575}
{"function_name":"insertion_sort","input_size":10000,"duration_ms":618916}
{"function_name":"bubble_sort","input_size":10000,"duration_ms":1.02855e+06}
{"function_name":"quick_sort","input_size":10000,"duration_ms":2274}
{"function_name":"std_sort","input_size":10000,"duration_ms":1579}
{"function_name":"insertion_sort","input_size":10000,"duration_ms":621290}
{"function_name":"bubble_sort","input_size":10000,"duration_ms":1.03026e+06}
{"function_name":"quick_sort","input_size":10000,"duration_ms":2276}
{"function_name":"std_sort","input_size":10000,"duration_ms":1555}
{"function_name":"insertion_sort","input_size":10000,"duration_ms":624684}
{"function_name":"bubble_sort","input_size":10000,"duration_ms":1.02544e+06}
{"function_name":"quick_sort","input_size":10000,"duration_ms":2288}
{"function_name":"std_sort","input_size":10000,"duration_ms":1541}
{"function_name":"insertion_sort","input_size":10000,"duration_ms":623725}
{"function_name":"bubble_sort","input_size":10000,"duration_ms":1.02784e+06}
{"function_name":"quick_sort","input_size":10000,"duration_ms":2278}
{"function_name":"std_sort","input_size":10000,"duration_ms":1582}
{"function_name":"insertion_sort","input_size":10000,"duration_ms":618483}
{"function_name":"bubble_sort","input_size":10000,"duration_ms":1.03059e+06}
{"function_name":"quick_sort","input_size":10000,"duration_ms":2322}
{"function_name":"std_sort","input_size":10000,"duration_ms":1560}
{"function_name":"insertion_sort","input_size":10000,"duration_ms":616939}
{"function_name":"bubble_sort","input_size":10000,"duration_ms":1.03068e+06}
{"function_name":"quick_sort","input_size":10000,"duration_ms":2297}
{"function_name":"std_sort","input_size":10000,"duration_ms":1583}
{"function_name":"insertion_sort","input_size":10000,"duration_ms":619177}
{"function_name":"bubble_sort","input_size":10000,"duration_ms":1.02231e+06}
{"function_name":"quick_sort","input_size":10000,"duration_ms":2310}
{"function_name":"std_sort","input_size":10000,"duration_ms":1569}
{"function_name":"insertion_sort","input_size":10000,"duration_ms":619379}
{"function_name":"bubble_sort","input_size":10000,"duration_ms":1.02678e+06}
{"function_name":"quick_sort","input_size":10000,"duration_ms":2250}
{"function_name":"std_sort","input_size":10000,"duration_ms":1553}
{"function_name":"insertion_sort","input_size":10000,"duration_ms":616775}
{"function_name":"bubble_sort","input_size":10000,"duration_ms":1.02647e+06}
{"function_name":"quick_sort","input_size":10000,"duration_ms":2329}
{"function_name":"std_sort","input_size":10000,"duration_ms":1583}
{"function_name":"insertion_sort","input_size":10000,"duration_ms":615565}
{"function_name":"bubble_sort","input_size":10000,"duration_ms":1.0243e+06}
{"function_name":"quick_sort","input_size":10000,"duration_ms":2263}
{"function_name":"std_sort","input_size":10000,"duration_ms":1545}
{"function_name":"insertion_sort","input_size":10000,"duration_ms":612622}
{"function_name":"bubble_sort","input_size":10000,"duration_ms":1.02576e+06}
{"function_name":"quick_sort","input_size":10000,"duration_ms":2319}
{"function_name":"std_sort","input_size":10000,"duration_ms":1558}
{"function_name":"insertion_sort","input_size":10000,"duration_ms":614027}
{"function_name":"bubble_sort","input_size":10000,"duration_ms":1.0192e+06}
{"function_name":"quick_sort","input_size":10000,"duration_ms":2249}
{"function_name":"std_sort","input_size":10000,"duration_ms":1566}
{"function_name":"insertion_sort","input_size":10000,"duration_ms":601792}
{"function_name":"bubble_sort","input_size":10000,"duration_ms":1.01348e+06}
{"function_name":"quick_sort","input_size":10000,"duration_ms":2302}
{"function_name":"std_sort","input_size":10000,"duration_ms":1560}
{"function_name":"insertion_sort","input_size":10000,"duration_ms":626910}
{"function_name":"bubble_sort","input_size":10000,"duration_ms":1.0264e+06}
{"function_name":"quick_sort","input_size":10000,"duration_ms":2289}
{"function_name":"std_sort","input_size":10000,"duration_ms":1538}
{"function_name":"insertion_sort","input_size":10000,"duration_ms":614847}
{"function_name":"bubble_sort","input_size":10000,"duration_ms":1.02059e+06}
{"function_name":"quick_sort","input_size":10000,"duration_ms":2271}
{"function_name":"std_sort","input_size":10000,"duration_ms":1560}
{"function_name":"insertion_sort","input_size":10000,"duration_ms":622792}
{"function_name":"bubble_sort","input_size":10000,"duration_ms":1.03132e+06}
{"function_name":"quick_sort","input_size":10000,"duration_ms":2242}
{"function_name":"std_sort","input_size":10000,"duration_ms":1558}
{"function_name":"insertion_sort","input_size":10000,"duration_ms":608690}
{"function_name":"bubble_sort","input_size":10000,"duration_ms":1.02741e+06}
{"function_name":"quick_sort","input_size":10000,"duration_ms":2289}
{"function_name":"std_sort","input_size":10000,"duration_ms":1568}
{"function_name":"insertion_sort","input_size":10000,"duration_ms":613805}
{"function_name":"bubble_sort","input_size":10000,"duration_ms":1.01643e+06}
{"function_name":"quick_sort","input_size":10000,"duration_ms":2337}
{"function_name":"std_sort","input_size":10000,"duration_ms":1554}
{"function_name":"insertion_sort","input_size":10000,"duration_ms":615294}
{"function_name":"bubble_sort","input_size":10000,"duration_ms":1.0209e+06}
{"function_name":"quick_sort","input_size":10000,"duration_ms":2326}
{"function_name":"std_sort","input_size":10000,"duration_ms":1542}
{"function_name":"insertion_sort","input_size":25000,"duration_ms":3.85427e+06}
{"function_name":"bubble_sort","input_size":25000,"duration_ms":6.40227e+06}
{"function_name":"quick_sort","input_size":25000,"duration_ms":6328}
{"function_name":"std_sort","input_size":25000,"duration_ms":4246}
{"function_name":"insertion_sort","input_size":25000,"duration_ms":3.83912e+06}
{"function_name":"bubble_sort","input_size":25000,"duration_ms":6.38152e+06}
{"function_name":"quick_sort","input_size":25000,"duration_ms":6214}
{"function_name":"std_sort","input_size":25000,"duration_ms":4268}
{"function_name":"insertion_sort","input_size":25000,"duration_ms":3.82525e+06}
{"function_name":"bubble_sort","input_size":25000,"duration_ms":6.39019e+06}
{"function_name":"quick_sort","input_size":25000,"duration_ms":6384}
{"function_name":"std_sort","input_size":25000,"duration_ms":4306}
{"function_name":"insertion_sort","input_size":25000,"duration_ms":3.85818e+06}
{"function_name":"bubble_sort","input_size":25000,"duration_ms":6.399e+06}
{"function_name":"quick_sort","input_size":25000,"duration_ms":6144}
{"function_name":"std_sort","input_size":25000,"duration_ms":4280}
{"function_name":"insertion_sort","input_size":25000,"duration_ms":3.86952e+06}
{"function_name":"bubble_sort","input_size":25000,"duration_ms":6.38461e+06}
{"function_name":"quick_sort","input_size":25000,"duration_ms":6253}
{"function_name":"std_sort","input_size":25000,"duration_ms":4261}
{"function_name":"insertion_sort","input_size":25000,"duration_ms":3.79508e+06}
{"function_name":"bubble_sort","input_size":25000,"duration_ms":6.3502e+06}
{"function_name":"quick_sort","input_size":25000,"duration_ms":6219}
{"function_name":"std_sort","input_size":25000,"duration_ms":4314}
{"function_name":"insertion_sort","input_size":25000,"duration_ms":3.85057e+06}
{"function_name":"bubble_sort","input_size":25000,"duration_ms":6.38289e+06}
{"function_name":"quick_sort","input_size":25000,"duration_ms":6403}
{"function_name":"std_sort","input_size":25000,"duration_ms":4284}
{"function_name":"insertion_sort","input_size":25000,"duration_ms":3.83749e+06}
{"function_name":"bubble_sort","input_size":25000,"duration_ms":6.37738e+06}
{"function_name":"quick_sort","input_size":25000,"duration_ms":6269}
{"function_name":"std_sort","input_size":25000,"duration_ms":4264}
{"function_name":"insertion_sort","input_size":25000,"duration_ms":3.89045e+06}
{"function_name":"bubble_sort","input_size":25000,"duration_ms":6.41916e+06}
{"function_name":"quick_sort","input_size":25000,"duration_ms":6204}
{"function_name":"std_sort","input_size":25000,"duration_ms":4277}
{"function_name":"insertion_sort","input_size":25000,"duration_ms":3.85657e+06}
{"function_name":"bubble_sort","input_size":25000,"duration_ms":6.39472e+06}
{"function_name":"quick_sort","input_size":25000,"duration_ms":6165}
{"function_name":"std_sort","input_size":25000,"duration_ms":4221}
{"function_name":"insertion_sort","input_size":25000,"duration_ms":3.90114e+06}
{"function_name":"bubble_sort","input_size":25000,"duration_ms":6.35334e+06}
{"function_name":"quick_sort","input_size":25000,"duration_ms":6321}
{"function_name":"std_sort","input_size":25000,"duration_ms":4232}
{"function_name":"insertion_sort","input_size":25000,"duration_ms":3.89232e+06}
{"function_name":"bubble_sort","input_size":25000,"duration_ms":6.3541e+06}
{"function_name":"quick_sort","input_size":25000,"duration_ms":6172}
{"function_name":"std_sort","input_size":25000,"duration_ms":4207}
{"function_name":"insertion_sort","input_size":25000,"duration_ms":3.86831e+06}
{"function_name":"bubble_sort","input_size":25000,"duration_ms":6.37401e+06}
{"function_name":"quick_sort","input_size":25000,"duration_ms":6112}
{"function_name":"std_sort","input_size":25000,"duration_ms":4264}
{"function_name":"insertion_sort","input_size":25000,"duration_ms":3.88193e+06}
{"function_name":"bubble_sort","input_size":25000,"duration_ms":6.39202e+06}
{"function_name":"quick_sort","input_size":25000,"duration_ms":6338}
{"function_name":"std_sort","input_size":25000,"duration_ms":4251}
{"function_name":"insertion_sort","input_size":25000,"duration_ms":3.88059e+06}
{"function_name":"bubble_sort","input_size":25000,"duration_ms":6.36814e+06}
{"function_name":"quick_sort","input_size":25000,"duration_ms":6342}
{"function_name":"std_sort","input_size":25000,"duration_ms":4261}
{"function_name":"insertion_sort","input_size":25000,"duration_ms":3.90044e+06}
{"function_name":"bubble_sort","input_size":25000,"duration_ms":6.40902e+06}
{"function_name":"quick_sort","input_size":25000,"duration_ms":6183}
{"function_name":"std_sort","input_size":25000,"duration_ms":4232}
{"function_name":"insertion_sort","input_size":25000,"duration_ms":3.88411e+06}
{"function_name":"bubble_sort","input_size":25000,"duration_ms":6.35103e+06}
{"function_name":"quick_sort","input_size":25000,"duration_ms":6158}
{"function_name":"std_sort","input_size":25000,"duration_ms":4247}
{"function_name":"insertion_sort","input_size":25000,"duration_ms":3.85576e+06}
{"function_name":"bubble_sort","input_size":25000,"duration_ms":6.37806e+06}
{"function_name":"quick_sort","input_size":25000,"duration_ms":6314}
{"function_name":"std_sort","input_size":25000,"duration_ms":4256}
{"function_name":"insertion_sort","input_size":25000,"duration_ms":3.87586e+06}
{"function_name":"bubble_sort","input_size":25000,"duration_ms":6.37018e+06}
{"function_name":"quick_sort","input_size":25000,"duration_ms":6186}
{"function_name":"std_sort","input_size":25000,"duration_ms":4246}
{"function_name":"insertion_sort","input_size":25000,"duration_ms":3.85991e+06}
{"function_name":"bubble_sort","input_size":25000,"duration_ms":6.33217e+06}
{"function_name":"quick_sort","input_size":25000,"duration_ms":6261}
{"function_name":"std_sort","input_size":25000,"duration_ms":4245}
{"function_name":"insertion_sort","input_size":50000,"duration_ms":1.55251e+07}
{"function_name":"bubble_sort","input_size":50000,"duration_ms":2.54667e+07}
{"function_name":"quick_sort","input_size":50000,"duration_ms":13255}
{"function_name":"std_sort","input_size":50000,"duration_ms":9005}
{"function_name":"insertion_sort","input_size":50000,"duration_ms":1.55886e+07}
{"function_name":"bubble_sort","input_size":50000,"duration_ms":2.54829e+07}
{"function_name":"quick_sort","input_size":50000,"duration_ms":13234}
{"function_name":"std_sort","input_size":50000,"duration_ms":9011}
{"function_name":"insertion_sort","input_size":50000,"duration_ms":1.56095e+07}
{"function_name":"bubble_sort","input_size":50000,"duration_ms":2.55323e+07}
{"function_name":"quick_sort","input_size":50000,"duration_ms":13390}
{"function_name":"std_sort","input_size":50000,"duration_ms":8973}
{"function_name":"insertion_sort","input_size":50000,"duration_ms":1.55525e+07}
{"function_name":"bubble_sort","input_size":50000,"duration_ms":2.5502e+07}
{"function_name":"quick_sort","input_size":50000,"duration_ms":13031}
{"function_name":"std_sort","input_size":50000,"duration_ms":9064}
{"function_name":"insertion_sort","input_size":50000,"duration_ms":1.56418e+07}
{"function_name":"bubble_sort","input_size":50000,"duration_ms":2.56401e+07}
{"function_name":"quick_sort","input_size":50000,"duration_ms":13168}
{"function_name":"std_sort","input_size":50000,"duration_ms":9068}
{"function_name":"insertion_sort","input_size":50000,"duration_ms":1.54584e+07}
{"function_name":"bubble_sort","input_size":50000,"duration_ms":2.55763e+07}
{"function_name":"quick_sort","input_size":50000,"duration_ms":13461}
{"function_name":"std_sort","input_size":50000,"duration_ms":9061}
{"function_name":"insertion_sort","input_size":50000,"duration_ms":1.54543e+07}
{"function_name":"bubble_sort","input_size":50000,"duration_ms":2.55236e+07}
{"function_name":"quick_sort","input_size":50000,"duration_ms":13117}
{"function_name":"std_sort","input_size":50000,"duration_ms":9090}
{"function_name":"insertion_sort","input_size":50000,"duration_ms":1.55469e+07}
{"function_name":"bubble_sort","input_size":50000,"duration_ms":2.55752e+07}
{"function_name":"quick_sort","input_size":50000,"duration_ms":13353}
{"function_name":"std_sort","input_size":50000,"duration_ms":9075}
{"function_name":"insertion_sort","input_size":50000,"duration_ms":1.54378e+07}
{"function_name":"bubble_sort","input_size":50000,"duration_ms":2.55486e+07}
{"function_name":"quick_sort","input_size":50000,"duration_ms":13255}
{"function_name":"std_sort","input_size":50000,"duration_ms":9133}
{"function_name":"insertion_sort","input_size":50000,"duration_ms":1.53602e+07}
{"function_name":"bubble_sort","input_size":50000,"duration_ms":2.54605e+07}
{"function_name":"quick_sort","input_size":50000,"duration_ms":13178}
{"function_name":"std_sort","input_size":50000,"duration_ms":9060}
{"function_name":"insertion_sort","input_size":50000,"duration_ms":1.5417e+07}
{"function_name":"bubble_sort","input_size":50000,"duration_ms":2.5566e+07}
{"function_name":"quick_sort","input_size":50000,"duration_ms":13155}
{"function_name":"std_sort","input_size":50000,"duration_ms":9095}
{"function_name":"insertion_sort","input_size":50000,"duration_ms":1.5394e+07}
{"function_name":"bubble_sort","input_size":50000,"duration_ms":2.5543e+07}
{"function_name":"quick_sort","input_size":50000,"duration_ms":13308}
{"function_name":"std_sort","input_size":50000,"duration_ms":9086}
{"function_name":"insertion_sort","input_size":50000,"duration_ms":1.54073e+07}
{"function_name":"bubble_sort","input_size":50000,"duration_ms":2.551e+07}
{"function_name":"quick_sort","input_size":50000,"duration_ms":13402}
{"function_name":"std_sort","input_size":50000,"duration_ms":9023}
{"function_name":"insertion_sort","input_size":50000,"duration_ms":1.54582e+07}
{"function_name":"bubble_sort","input_size":50000,"duration_ms":2.55214e+07}
{"function_name":"quick_sort","input_size":50000,"duration_ms":13081}
{"function_name":"std_sort","input_size":50000,"duration_ms":9107}
{"function_name":"insertion_sort","input_size":50000,"duration_ms":1.54886e+07}
{"function_name":"bubble_sort","input_size":50000,"duration_ms":2.54814e+07}
{"function_name":"quick_sort","input_size":50000,"duration_ms":13138}
{"function_name":"std_sort","input_size":50000,"duration_ms":9048}
{"function_name":"insertion_sort","input_size":50000,"duration_ms":1.55756e+07}
{"function_name":"bubble_sort","input_size":50000,"duration_ms":2.55591e+07}
{"function_name":"quick_sort","input_size":50000,"duration_ms":13271}
{"function_name":"std_sort","input_size":50000,"duration_ms":9025}
{"function_name":"insertion_sort","input_size":50000,"duration_ms":1.54611e+07}
{"function_name":"bubble_sort","input_size":50000,"duration_ms":2.54714e+07}
{"function_name":"quick_sort","input_size":50000,"duration_ms":13060}
{"function_name":"std_sort","input_size":50000,"duration_ms":9070}
{"function_name":"insertion_sort","input_size":50000,"duration_ms":1.55072e+07}
{"function_name":"bubble_sort","input_size":50000,"duration_ms":2.55735e+07}
{"function_name":"quick_sort","input_size":50000,"duration_ms":13106}
{"function_name":"std_sort","input_size":50000,"duration_ms":9003}
{"function_name":"insertion_sort","input_size":50000,"duration_ms":1.55375e+07}
{"function_name":"bubble_sort","input_size":50000,"duration_ms":2.54799e+07}
{"function_name":"quick_sort","input_size":50000,"duration_ms":13138}
{"function_name":"std_sort","input_size":50000,"duration_ms":9052}
{"function_name":"insertion_sort","input_size":50000,"duration_ms":1.54427e+07}
{"function_name":"bubble_sort","input_size":50000,"duration_ms":2.55794e+07}
{"function_name":"quick_sort","input_size":50000,"duration_ms":13792}
{"function_name":"std_sort","input_size":50000,"duration_ms":9099}
